// Jest Snapshot v1, https://goo.gl/fbAQLP

exports[`Form should render correctly 1`] = `
initialize {
  "0": Object {
    "attribs": Object {
      "class": "comp__form",
    },
    "children": Array [
      Object {
        "attribs": Object {
          "class": "form-item",
        },
        "children": Array [
          Object {
            "attribs": Object {
              "placeholder": "Full name",
              "type": "text",
              "value": "",
            },
            "children": Array [],
            "name": "input",
            "namespace": "http://www.w3.org/1999/xhtml",
            "next": null,
            "parent": [Circular],
            "prev": null,
            "type": "tag",
            "x-attribsNamespace": Object {
              "placeholder": undefined,
              "type": undefined,
              "value": undefined,
            },
            "x-attribsPrefix": Object {
              "placeholder": undefined,
              "type": undefined,
              "value": undefined,
            },
          },
        ],
        "name": "div",
        "namespace": "http://www.w3.org/1999/xhtml",
        "next": Object {
          "attribs": Object {
            "class": "form-item",
          },
          "children": Array [
            Object {
              "attribs": Object {
                "placeholder": "Email",
                "type": "text",
                "value": "",
              },
              "children": Array [],
              "name": "input",
              "namespace": "http://www.w3.org/1999/xhtml",
              "next": null,
              "parent": [Circular],
              "prev": null,
              "type": "tag",
              "x-attribsNamespace": Object {
                "placeholder": undefined,
                "type": undefined,
                "value": undefined,
              },
              "x-attribsPrefix": Object {
                "placeholder": undefined,
                "type": undefined,
                "value": undefined,
              },
            },
          ],
          "name": "div",
          "namespace": "http://www.w3.org/1999/xhtml",
          "next": Object {
            "attribs": Object {
              "class": "form-item",
            },
            "children": Array [
              Object {
                "attribs": Object {
                  "placeholder": "Confirm email",
                  "type": "text",
                  "value": "",
                },
                "children": Array [],
                "name": "input",
                "namespace": "http://www.w3.org/1999/xhtml",
                "next": null,
                "parent": [Circular],
                "prev": null,
                "type": "tag",
                "x-attribsNamespace": Object {
                  "placeholder": undefined,
                  "type": undefined,
                  "value": undefined,
                },
                "x-attribsPrefix": Object {
                  "placeholder": undefined,
                  "type": undefined,
                  "value": undefined,
                },
              },
            ],
            "name": "div",
            "namespace": "http://www.w3.org/1999/xhtml",
            "next": Object {
              "attribs": Object {
                "class": "form-btn-row",
              },
              "children": Array [
                Object {
                  "attribs": Object {
                    "type": "submit",
                  },
                  "children": Array [
                    Object {
                      "data": "Send",
                      "next": null,
                      "parent": [Circular],
                      "prev": null,
                      "type": "text",
                    },
                  ],
                  "name": "button",
                  "namespace": "http://www.w3.org/1999/xhtml",
                  "next": null,
                  "parent": [Circular],
                  "prev": null,
                  "type": "tag",
                  "x-attribsNamespace": Object {
                    "type": undefined,
                  },
                  "x-attribsPrefix": Object {
                    "type": undefined,
                  },
                },
              ],
              "name": "div",
              "namespace": "http://www.w3.org/1999/xhtml",
              "next": Object {
                "attribs": Object {
                  "class": "form-errs",
                },
                "children": Array [
                  Object {
                    "data": "you have errors",
                    "next": null,
                    "parent": [Circular],
                    "prev": null,
                    "type": "text",
                  },
                ],
                "name": "p",
                "namespace": "http://www.w3.org/1999/xhtml",
                "next": null,
                "parent": [Circular],
                "prev": [Circular],
                "type": "tag",
                "x-attribsNamespace": Object {
                  "class": undefined,
                },
                "x-attribsPrefix": Object {
                  "class": undefined,
                },
              },
              "parent": [Circular],
              "prev": [Circular],
              "type": "tag",
              "x-attribsNamespace": Object {
                "class": undefined,
              },
              "x-attribsPrefix": Object {
                "class": undefined,
              },
            },
            "parent": [Circular],
            "prev": [Circular],
            "type": "tag",
            "x-attribsNamespace": Object {
              "class": undefined,
            },
            "x-attribsPrefix": Object {
              "class": undefined,
            },
          },
          "parent": [Circular],
          "prev": [Circular],
          "type": "tag",
          "x-attribsNamespace": Object {
            "class": undefined,
          },
          "x-attribsPrefix": Object {
            "class": undefined,
          },
        },
        "parent": [Circular],
        "prev": null,
        "type": "tag",
        "x-attribsNamespace": Object {
          "class": undefined,
        },
        "x-attribsPrefix": Object {
          "class": undefined,
        },
      },
      Object {
        "attribs": Object {
          "class": "form-item",
        },
        "children": Array [
          Object {
            "attribs": Object {
              "placeholder": "Email",
              "type": "text",
              "value": "",
            },
            "children": Array [],
            "name": "input",
            "namespace": "http://www.w3.org/1999/xhtml",
            "next": null,
            "parent": [Circular],
            "prev": null,
            "type": "tag",
            "x-attribsNamespace": Object {
              "placeholder": undefined,
              "type": undefined,
              "value": undefined,
            },
            "x-attribsPrefix": Object {
              "placeholder": undefined,
              "type": undefined,
              "value": undefined,
            },
          },
        ],
        "name": "div",
        "namespace": "http://www.w3.org/1999/xhtml",
        "next": Object {
          "attribs": Object {
            "class": "form-item",
          },
          "children": Array [
            Object {
              "attribs": Object {
                "placeholder": "Confirm email",
                "type": "text",
                "value": "",
              },
              "children": Array [],
              "name": "input",
              "namespace": "http://www.w3.org/1999/xhtml",
              "next": null,
              "parent": [Circular],
              "prev": null,
              "type": "tag",
              "x-attribsNamespace": Object {
                "placeholder": undefined,
                "type": undefined,
                "value": undefined,
              },
              "x-attribsPrefix": Object {
                "placeholder": undefined,
                "type": undefined,
                "value": undefined,
              },
            },
          ],
          "name": "div",
          "namespace": "http://www.w3.org/1999/xhtml",
          "next": Object {
            "attribs": Object {
              "class": "form-btn-row",
            },
            "children": Array [
              Object {
                "attribs": Object {
                  "type": "submit",
                },
                "children": Array [
                  Object {
                    "data": "Send",
                    "next": null,
                    "parent": [Circular],
                    "prev": null,
                    "type": "text",
                  },
                ],
                "name": "button",
                "namespace": "http://www.w3.org/1999/xhtml",
                "next": null,
                "parent": [Circular],
                "prev": null,
                "type": "tag",
                "x-attribsNamespace": Object {
                  "type": undefined,
                },
                "x-attribsPrefix": Object {
                  "type": undefined,
                },
              },
            ],
            "name": "div",
            "namespace": "http://www.w3.org/1999/xhtml",
            "next": Object {
              "attribs": Object {
                "class": "form-errs",
              },
              "children": Array [
                Object {
                  "data": "you have errors",
                  "next": null,
                  "parent": [Circular],
                  "prev": null,
                  "type": "text",
                },
              ],
              "name": "p",
              "namespace": "http://www.w3.org/1999/xhtml",
              "next": null,
              "parent": [Circular],
              "prev": [Circular],
              "type": "tag",
              "x-attribsNamespace": Object {
                "class": undefined,
              },
              "x-attribsPrefix": Object {
                "class": undefined,
              },
            },
            "parent": [Circular],
            "prev": [Circular],
            "type": "tag",
            "x-attribsNamespace": Object {
              "class": undefined,
            },
            "x-attribsPrefix": Object {
              "class": undefined,
            },
          },
          "parent": [Circular],
          "prev": [Circular],
          "type": "tag",
          "x-attribsNamespace": Object {
            "class": undefined,
          },
          "x-attribsPrefix": Object {
            "class": undefined,
          },
        },
        "parent": [Circular],
        "prev": Object {
          "attribs": Object {
            "class": "form-item",
          },
          "children": Array [
            Object {
              "attribs": Object {
                "placeholder": "Full name",
                "type": "text",
                "value": "",
              },
              "children": Array [],
              "name": "input",
              "namespace": "http://www.w3.org/1999/xhtml",
              "next": null,
              "parent": [Circular],
              "prev": null,
              "type": "tag",
              "x-attribsNamespace": Object {
                "placeholder": undefined,
                "type": undefined,
                "value": undefined,
              },
              "x-attribsPrefix": Object {
                "placeholder": undefined,
                "type": undefined,
                "value": undefined,
              },
            },
          ],
          "name": "div",
          "namespace": "http://www.w3.org/1999/xhtml",
          "next": [Circular],
          "parent": [Circular],
          "prev": null,
          "type": "tag",
          "x-attribsNamespace": Object {
            "class": undefined,
          },
          "x-attribsPrefix": Object {
            "class": undefined,
          },
        },
        "type": "tag",
        "x-attribsNamespace": Object {
          "class": undefined,
        },
        "x-attribsPrefix": Object {
          "class": undefined,
        },
      },
      Object {
        "attribs": Object {
          "class": "form-item",
        },
        "children": Array [
          Object {
            "attribs": Object {
              "placeholder": "Confirm email",
              "type": "text",
              "value": "",
            },
            "children": Array [],
            "name": "input",
            "namespace": "http://www.w3.org/1999/xhtml",
            "next": null,
            "parent": [Circular],
            "prev": null,
            "type": "tag",
            "x-attribsNamespace": Object {
              "placeholder": undefined,
              "type": undefined,
              "value": undefined,
            },
            "x-attribsPrefix": Object {
              "placeholder": undefined,
              "type": undefined,
              "value": undefined,
            },
          },
        ],
        "name": "div",
        "namespace": "http://www.w3.org/1999/xhtml",
        "next": Object {
          "attribs": Object {
            "class": "form-btn-row",
          },
          "children": Array [
            Object {
              "attribs": Object {
                "type": "submit",
              },
              "children": Array [
                Object {
                  "data": "Send",
                  "next": null,
                  "parent": [Circular],
                  "prev": null,
                  "type": "text",
                },
              ],
              "name": "button",
              "namespace": "http://www.w3.org/1999/xhtml",
              "next": null,
              "parent": [Circular],
              "prev": null,
              "type": "tag",
              "x-attribsNamespace": Object {
                "type": undefined,
              },
              "x-attribsPrefix": Object {
                "type": undefined,
              },
            },
          ],
          "name": "div",
          "namespace": "http://www.w3.org/1999/xhtml",
          "next": Object {
            "attribs": Object {
              "class": "form-errs",
            },
            "children": Array [
              Object {
                "data": "you have errors",
                "next": null,
                "parent": [Circular],
                "prev": null,
                "type": "text",
              },
            ],
            "name": "p",
            "namespace": "http://www.w3.org/1999/xhtml",
            "next": null,
            "parent": [Circular],
            "prev": [Circular],
            "type": "tag",
            "x-attribsNamespace": Object {
              "class": undefined,
            },
            "x-attribsPrefix": Object {
              "class": undefined,
            },
          },
          "parent": [Circular],
          "prev": [Circular],
          "type": "tag",
          "x-attribsNamespace": Object {
            "class": undefined,
          },
          "x-attribsPrefix": Object {
            "class": undefined,
          },
        },
        "parent": [Circular],
        "prev": Object {
          "attribs": Object {
            "class": "form-item",
          },
          "children": Array [
            Object {
              "attribs": Object {
                "placeholder": "Email",
                "type": "text",
                "value": "",
              },
              "children": Array [],
              "name": "input",
              "namespace": "http://www.w3.org/1999/xhtml",
              "next": null,
              "parent": [Circular],
              "prev": null,
              "type": "tag",
              "x-attribsNamespace": Object {
                "placeholder": undefined,
                "type": undefined,
                "value": undefined,
              },
              "x-attribsPrefix": Object {
                "placeholder": undefined,
                "type": undefined,
                "value": undefined,
              },
            },
          ],
          "name": "div",
          "namespace": "http://www.w3.org/1999/xhtml",
          "next": [Circular],
          "parent": [Circular],
          "prev": Object {
            "attribs": Object {
              "class": "form-item",
            },
            "children": Array [
              Object {
                "attribs": Object {
                  "placeholder": "Full name",
                  "type": "text",
                  "value": "",
                },
                "children": Array [],
                "name": "input",
                "namespace": "http://www.w3.org/1999/xhtml",
                "next": null,
                "parent": [Circular],
                "prev": null,
                "type": "tag",
                "x-attribsNamespace": Object {
                  "placeholder": undefined,
                  "type": undefined,
                  "value": undefined,
                },
                "x-attribsPrefix": Object {
                  "placeholder": undefined,
                  "type": undefined,
                  "value": undefined,
                },
              },
            ],
            "name": "div",
            "namespace": "http://www.w3.org/1999/xhtml",
            "next": [Circular],
            "parent": [Circular],
            "prev": null,
            "type": "tag",
            "x-attribsNamespace": Object {
              "class": undefined,
            },
            "x-attribsPrefix": Object {
              "class": undefined,
            },
          },
          "type": "tag",
          "x-attribsNamespace": Object {
            "class": undefined,
          },
          "x-attribsPrefix": Object {
            "class": undefined,
          },
        },
        "type": "tag",
        "x-attribsNamespace": Object {
          "class": undefined,
        },
        "x-attribsPrefix": Object {
          "class": undefined,
        },
      },
      Object {
        "attribs": Object {
          "class": "form-btn-row",
        },
        "children": Array [
          Object {
            "attribs": Object {
              "type": "submit",
            },
            "children": Array [
              Object {
                "data": "Send",
                "next": null,
                "parent": [Circular],
                "prev": null,
                "type": "text",
              },
            ],
            "name": "button",
            "namespace": "http://www.w3.org/1999/xhtml",
            "next": null,
            "parent": [Circular],
            "prev": null,
            "type": "tag",
            "x-attribsNamespace": Object {
              "type": undefined,
            },
            "x-attribsPrefix": Object {
              "type": undefined,
            },
          },
        ],
        "name": "div",
        "namespace": "http://www.w3.org/1999/xhtml",
        "next": Object {
          "attribs": Object {
            "class": "form-errs",
          },
          "children": Array [
            Object {
              "data": "you have errors",
              "next": null,
              "parent": [Circular],
              "prev": null,
              "type": "text",
            },
          ],
          "name": "p",
          "namespace": "http://www.w3.org/1999/xhtml",
          "next": null,
          "parent": [Circular],
          "prev": [Circular],
          "type": "tag",
          "x-attribsNamespace": Object {
            "class": undefined,
          },
          "x-attribsPrefix": Object {
            "class": undefined,
          },
        },
        "parent": [Circular],
        "prev": Object {
          "attribs": Object {
            "class": "form-item",
          },
          "children": Array [
            Object {
              "attribs": Object {
                "placeholder": "Confirm email",
                "type": "text",
                "value": "",
              },
              "children": Array [],
              "name": "input",
              "namespace": "http://www.w3.org/1999/xhtml",
              "next": null,
              "parent": [Circular],
              "prev": null,
              "type": "tag",
              "x-attribsNamespace": Object {
                "placeholder": undefined,
                "type": undefined,
                "value": undefined,
              },
              "x-attribsPrefix": Object {
                "placeholder": undefined,
                "type": undefined,
                "value": undefined,
              },
            },
          ],
          "name": "div",
          "namespace": "http://www.w3.org/1999/xhtml",
          "next": [Circular],
          "parent": [Circular],
          "prev": Object {
            "attribs": Object {
              "class": "form-item",
            },
            "children": Array [
              Object {
                "attribs": Object {
                  "placeholder": "Email",
                  "type": "text",
                  "value": "",
                },
                "children": Array [],
                "name": "input",
                "namespace": "http://www.w3.org/1999/xhtml",
                "next": null,
                "parent": [Circular],
                "prev": null,
                "type": "tag",
                "x-attribsNamespace": Object {
                  "placeholder": undefined,
                  "type": undefined,
                  "value": undefined,
                },
                "x-attribsPrefix": Object {
                  "placeholder": undefined,
                  "type": undefined,
                  "value": undefined,
                },
              },
            ],
            "name": "div",
            "namespace": "http://www.w3.org/1999/xhtml",
            "next": [Circular],
            "parent": [Circular],
            "prev": Object {
              "attribs": Object {
                "class": "form-item",
              },
              "children": Array [
                Object {
                  "attribs": Object {
                    "placeholder": "Full name",
                    "type": "text",
                    "value": "",
                  },
                  "children": Array [],
                  "name": "input",
                  "namespace": "http://www.w3.org/1999/xhtml",
                  "next": null,
                  "parent": [Circular],
                  "prev": null,
                  "type": "tag",
                  "x-attribsNamespace": Object {
                    "placeholder": undefined,
                    "type": undefined,
                    "value": undefined,
                  },
                  "x-attribsPrefix": Object {
                    "placeholder": undefined,
                    "type": undefined,
                    "value": undefined,
                  },
                },
              ],
              "name": "div",
              "namespace": "http://www.w3.org/1999/xhtml",
              "next": [Circular],
              "parent": [Circular],
              "prev": null,
              "type": "tag",
              "x-attribsNamespace": Object {
                "class": undefined,
              },
              "x-attribsPrefix": Object {
                "class": undefined,
              },
            },
            "type": "tag",
            "x-attribsNamespace": Object {
              "class": undefined,
            },
            "x-attribsPrefix": Object {
              "class": undefined,
            },
          },
          "type": "tag",
          "x-attribsNamespace": Object {
            "class": undefined,
          },
          "x-attribsPrefix": Object {
            "class": undefined,
          },
        },
        "type": "tag",
        "x-attribsNamespace": Object {
          "class": undefined,
        },
        "x-attribsPrefix": Object {
          "class": undefined,
        },
      },
      Object {
        "attribs": Object {
          "class": "form-errs",
        },
        "children": Array [
          Object {
            "data": "you have errors",
            "next": null,
            "parent": [Circular],
            "prev": null,
            "type": "text",
          },
        ],
        "name": "p",
        "namespace": "http://www.w3.org/1999/xhtml",
        "next": null,
        "parent": [Circular],
        "prev": Object {
          "attribs": Object {
            "class": "form-btn-row",
          },
          "children": Array [
            Object {
              "attribs": Object {
                "type": "submit",
              },
              "children": Array [
                Object {
                  "data": "Send",
                  "next": null,
                  "parent": [Circular],
                  "prev": null,
                  "type": "text",
                },
              ],
              "name": "button",
              "namespace": "http://www.w3.org/1999/xhtml",
              "next": null,
              "parent": [Circular],
              "prev": null,
              "type": "tag",
              "x-attribsNamespace": Object {
                "type": undefined,
              },
              "x-attribsPrefix": Object {
                "type": undefined,
              },
            },
          ],
          "name": "div",
          "namespace": "http://www.w3.org/1999/xhtml",
          "next": [Circular],
          "parent": [Circular],
          "prev": Object {
            "attribs": Object {
              "class": "form-item",
            },
            "children": Array [
              Object {
                "attribs": Object {
                  "placeholder": "Confirm email",
                  "type": "text",
                  "value": "",
                },
                "children": Array [],
                "name": "input",
                "namespace": "http://www.w3.org/1999/xhtml",
                "next": null,
                "parent": [Circular],
                "prev": null,
                "type": "tag",
                "x-attribsNamespace": Object {
                  "placeholder": undefined,
                  "type": undefined,
                  "value": undefined,
                },
                "x-attribsPrefix": Object {
                  "placeholder": undefined,
                  "type": undefined,
                  "value": undefined,
                },
              },
            ],
            "name": "div",
            "namespace": "http://www.w3.org/1999/xhtml",
            "next": [Circular],
            "parent": [Circular],
            "prev": Object {
              "attribs": Object {
                "class": "form-item",
              },
              "children": Array [
                Object {
                  "attribs": Object {
                    "placeholder": "Email",
                    "type": "text",
                    "value": "",
                  },
                  "children": Array [],
                  "name": "input",
                  "namespace": "http://www.w3.org/1999/xhtml",
                  "next": null,
                  "parent": [Circular],
                  "prev": null,
                  "type": "tag",
                  "x-attribsNamespace": Object {
                    "placeholder": undefined,
                    "type": undefined,
                    "value": undefined,
                  },
                  "x-attribsPrefix": Object {
                    "placeholder": undefined,
                    "type": undefined,
                    "value": undefined,
                  },
                },
              ],
              "name": "div",
              "namespace": "http://www.w3.org/1999/xhtml",
              "next": [Circular],
              "parent": [Circular],
              "prev": Object {
                "attribs": Object {
                  "class": "form-item",
                },
                "children": Array [
                  Object {
                    "attribs": Object {
                      "placeholder": "Full name",
                      "type": "text",
                      "value": "",
                    },
                    "children": Array [],
                    "name": "input",
                    "namespace": "http://www.w3.org/1999/xhtml",
                    "next": null,
                    "parent": [Circular],
                    "prev": null,
                    "type": "tag",
                    "x-attribsNamespace": Object {
                      "placeholder": undefined,
                      "type": undefined,
                      "value": undefined,
                    },
                    "x-attribsPrefix": Object {
                      "placeholder": undefined,
                      "type": undefined,
                      "value": undefined,
                    },
                  },
                ],
                "name": "div",
                "namespace": "http://www.w3.org/1999/xhtml",
                "next": [Circular],
                "parent": [Circular],
                "prev": null,
                "type": "tag",
                "x-attribsNamespace": Object {
                  "class": undefined,
                },
                "x-attribsPrefix": Object {
                  "class": undefined,
                },
              },
              "type": "tag",
              "x-attribsNamespace": Object {
                "class": undefined,
              },
              "x-attribsPrefix": Object {
                "class": undefined,
              },
            },
            "type": "tag",
            "x-attribsNamespace": Object {
              "class": undefined,
            },
            "x-attribsPrefix": Object {
              "class": undefined,
            },
          },
          "type": "tag",
          "x-attribsNamespace": Object {
            "class": undefined,
          },
          "x-attribsPrefix": Object {
            "class": undefined,
          },
        },
        "type": "tag",
        "x-attribsNamespace": Object {
          "class": undefined,
        },
        "x-attribsPrefix": Object {
          "class": undefined,
        },
      },
    ],
    "name": "form",
    "namespace": "http://www.w3.org/1999/xhtml",
    "next": null,
    "parent": null,
    "prev": null,
    "root": Object {
      "attribs": Object {},
      "children": Array [
        [Circular],
      ],
      "name": "root",
      "namespace": "http://www.w3.org/1999/xhtml",
      "next": null,
      "parent": null,
      "prev": null,
      "type": "root",
      "x-attribsNamespace": Object {},
      "x-attribsPrefix": Object {},
    },
    "type": "tag",
    "x-attribsNamespace": Object {
      "class": undefined,
    },
    "x-attribsPrefix": Object {
      "class": undefined,
    },
  },
  "_root": [Circular],
  "length": 1,
  "options": Object {
    "decodeEntities": true,
    "normalizeWhitespace": false,
    "withDomLvl1": true,
    "xml": false,
  },
}
`;
